C:/Users/konovale/Parsing/data_txt/vaski%2FPTK-99%2B2018%2B2.9-vp.txt